---
source: sylvander-tui/tests/snapshots.rs
expression: "render_buf(&state, 80, 24)"
---
Sylvander · deepseek-v4-flash · Disconnected · Connecting...                    
                                                                                
                                                                                
                                                                                
                                                                                
                                                                                
                                                                                
                                                                                
                                                                                
                                                                                
                                                                                
────────────────────────────────────────────────────────────────────────────────
  ⎘ [paste: 20 lines · 150B] line 1 line 2 line 3 line 4 lin…                   
>                                                                               
                                                                                
                                                                                
                                                                                
                                                                                
                                                                                
                                                                                
                                                                                
                                                                                
                                                                                
Enter:send  Esc:quit  Ctrl+C:quit
