---
source: sylvander-tui/tests/snapshots.rs
expression: "render_buf(state, 110, 30)"
---
  › finish the current implementation                                                                         
                                                                                                              
  ↳  then run the full test suite                                                                             
     queued                                                                                                   
                                                                                                              
  ◆  I am still working on the first request.                                                                 
                                                                                                              
                                                                                                              
                                                                                                              
                                                                                                              
                                                                                                              
                                                                                                              
                                                                                                              
                                                                                                              
                                                                                                              
                                                                                                              
                                                                                                              
                                                                                                              
                                                                                                              
                                                                                                              
                                                                                                              
                                                                                                              
                                                                                                              
                                                                                                              
                                                                                                              
                                                                                                              
──────────────────────────────────────────────────────────────────────────────────────────────────────────────
>                                                                                                             
──────────────────────────────────────────────────────────────────────────────────────────────────────────────
◌ working · model — · branch — · 1 queued                                               esc interrupt   /draft
