---
source: sylvander-tui/tests/snapshots.rs
expression: "render_buf(&state, 90, 28)"
---
◖S◗  Sylvander  new session                                                   — · approval
/Users/christmix/OraculoSpace/Sylvander/sylvander-tui · session —                         
──────────────────────────────────────────────────────────────────────────────────────────
You: run setup                                                                            
● Run `ls`     00s                                                                        
│ ◐ $ ls                                                                                  
                                                                                          
                                                                                          
                                                                                          
                                                                                          
                  ┌ Rejection Feedback ────────────────────────────────┐                  
                  │Tell Sylvander what to do instead (or press Enter to│                  
                  │                                                    │                  
                  │> use docker                                        │                  
                  │                                                    │                  
                  │enter=send feedback   esc=back to approval          │                  
──────────────────└────────────────────────────────────────────────────┘──────────────────
│Ask Sylvander…                                                                          │
│                                                                                        │
│                                                                                        │
│                                                                                        │
│                                                                                        │
│                                                                                        │
│                                                                                        │
│                                                                                        │
│Approving tools clears this draft.                                                      │
└────────────────────────────────────────────────────────────────────────────────────────┘
──────────────────────────────────────────────────────────────────────────────────────────
