---
source: sylvander-tui/tests/snapshots.rs
expression: "render_buf(s, 120, 36)"
---
                                                                                                                        
                                                                                                                        
                                                                                                                        
                                                                                                                        
                                                                                                                        
                                                                                                                        
                                                                                                                        
                                                                                                                        
                                                                                                                        
                                                                                                                        
                                                                                                                        
                                                                                                                        
                                                                                                                        
                                                                                                                        
                                                                                                                        
                                                                                                                        
                                                                                                                        
                                                                                                                        
                                                                                                                        
                                                                                                                        
                                                                                                                        
                                                                                                                        
                                                                                                                        
                                                                                                                        
                                                                                                                        
────────────────────────────────────────────────────────────────────────────────────────────────────────────────────────
  ◆ Permission needed                                                                                     1 of 1        
  Run command                                                                                                           
  $ rm -rf /                                                                                                            
  Critical · may destroy data or repository state · current workspace                                                   
                                                                                                                        
  › 1. Deny  recommended for critical operations                                                                        
    2. Allow once                                                                                                       
                                                                                                                        
────────────────────────────────────────────────────────────────────────────────────────────────────────────────────────
● approval · model — · branch — · session — · 0 tok                                     ↑↓ select   ↵ confirm · esc deny
