---
source: sylvander-tui/tests/snapshots.rs
expression: "render_buf(&s, 132, 30)"
---
◖S◗  Sylvander  new session                                                                                                 — · main
/Users/christmix/OraculoSpace/Sylvander/sylvander-tui · session —                                                                   
────────────────────────────────────────────────────────────────────────────────────────────────────────────────────────────────────
You: Add JWT auth.                                                                                                                  
Inspecting router.                                                                                                                  
                                                                                                                                    
                                                                                                                                    
                                                                                                                                    
                                                                                                                                    
                                                                                                                                    
                                                                                                                                    
                                                                                                                                    
                                                                                                                                    
                                                                                                                                    
                                                                                                                                    
                                                                                                                                    
                                                                                                                                    
                                                                                                                                    
────────────────────────────────────────────────────────────────────────────────────────────────────────────────────────────────────
│Ask Sylvander…                                                                                                                    │
│                                                                                                                                  │
│                                                                                                                                  │
│                                                                                                                                  │
│                                                                                                                                  │
│                                                                                                                                  │
│                                                                                                                                  │
│                                                                                                                                  │
│Type while I work — steer, queue, or interrupt.                                                                                   │
└──────────────────────────────────────────────────────────────────────────────────────────────────────────────────────────────────┘
────────────────────────────────────────────────────────────────────────────────────────────────────────────────────────────────────
