---
source: sylvander-tui/tests/snapshots.rs
expression: "render_buf(&state, 90, 22)"
---
                                                                                          
                                                                                          
                                                                                          
                                                                                          
                                                                                          
                                                                                          
             ┌ Tool Approval (batch 2/2 — 2 total) ─────────────────────────┐             
             │Review the requested capabilities:                            │             
             │  >> 1. MEDIUM   Write file                                   │             
             │       scope  current workspace                               │             
             │                                                              │             
             │1/1  ↵/y once · n reject                                      │             
             │     a all once · N none · esc deny                           │             
             │                                                              │             
             │                                                              │             
             └──────────────────────────────────────────────────────────────┘             
                                                                                          
                                                                                          
──────────────────────────────────────────────────────────────────────────────────────────
>                                                                                         
──────────────────────────────────────────────────────────────────────────────────────────
◌ connecting · model — · branch — · session —
