---
source: sylvander-tui/tests/snapshots.rs
assertion_line: 174
expression: "render_buf(state, 100, 24)"
---
⏺ future_extension_tool     00s                                                                     
  ⎿  future extension tool                                                                          
     api_token  [REDACTED]                                                                          
     operation  future-mode                                                                         
                                                                                                    
     result                                                                                         
       structured fallback result                                                                   
                                                                                                    
                                                                                                    
                                                                                                    
                                                                                                    
                                                                                                    
                                                                                                    
                                                                                                    
                                                                                                    
                                                                                                    
                                                                                                    
                                                                                                    
                                                                                                    
                                                                                                    
────────────────────────────────────────────────────────────────────────────────────────────────────
❯                                                                                                   
────────────────────────────────────────────────────────────────────────────────────────────────────
◌ working · model — · branch —                                                esc interrupt   /draft
