---
source: sylvander-tui/tests/snapshots.rs
assertion_line: 342
expression: "render_buf(state, 90, 22)"
---
                                                                                          
                                                                                          
                                                                                          
                                                                                          
                                                                                          
                                                                                          
                                                                                          
                                                                                          
                                                                                          
──────────────────────────────────────────────────────────────────────────────────────────
❯                                                                                         
──────────────────────────────────────────────────────────────────────────────────────────
  ◆ Permission needed                                                             1 of 1  
  Write file                                                                              
  Target details were not provided                                                        
  Medium risk · changes workspace content · current workspace                             
                                                                                          
  › 1. Allow once                                                                         
    2. Deny                                                                               
                                                                                          
──────────────────────────────────────────────────────────────────────────────────────────
◌ connecting · model — · branch — · session —
