---
source: sylvander-tui/tests/snapshots.rs
assertion_line: 837
expression: "render_buf(s, 120, 36)"
---
❯ any draft here                                                                                                        
  Disconnected: server closed                                                                                           
                                                                                                                        
                                                                                                                        
                                                                                                                        
                                                                                                                        
                                                                                                                        
                                                                                                                        
                                                                                                                        
                                                                                                                        
                                                                                                                        
                                                                                                                        
                                                                                                                        
                                                                                                                        
                                                                                                                        
                                                                                                                        
                                                                                                                        
                                                                                                                        
                                                                                                                        
                                                                                                                        
                                                                                                                        
                                                                                                                        
                                                                                                                        
                                                                                                                        
                                                                                                                        
                                                                                                                        
                                                                                                                        
                                                                                                                        
                                                                                                                        
                                                                                                                        
                                                                                                                        
                                                                                                                        
────────────────────────────────────────────────────────────────────────────────────────────────────────────────────────
❯                                                                                                                       
────────────────────────────────────────────────────────────────────────────────────────────────────────────────────────
! disconnected · model — · branch — · session — · 0 tok                               ! reconnecting…   /draft preserved
