---
source: sylvander-tui/tests/snapshots.rs
assertion_line: 373
expression: "render_buf(state, 90, 22)"
---
                                                                                          
                                                                                          
                                                                                          
                                                                                          
                                                                                          
                                                                                          
                                                                                          
                                                                                          
                                                                                          
                                                                                          
                                                                                          
                                                                                          
──────────────────────────────────────────────────────────────────────────────────────────
>                                                                                         
──────────────────────────────────────────────────────────────────────────────────────────
  ◆ Your input is needed                                                                  
  Describe the bug in your own words:                                                     
                                                                                          
  > the loader hangs on cold start                                                        
  Type your answer · ↵ submit · esc return                                                
──────────────────────────────────────────────────────────────────────────────────────────
◌ connecting · model — · branch — · session —
