---
source: sylvander-tui/tests/snapshots.rs
expression: "render_buf(&state, 110, 30)"
---
                                                                                                              
                                                                                                              
                                                                                                              
                                                                                                              
                                                                                                              
                                                                                                              
                                                                                                              
                                                                                                              
                                                                                                              
                        ┌ Commands ─────────────────────────────────────────────────┐                         
                        │/theme midnight_                                           │                         
                        │───────────────────────────────────────────────────────────│                         
                        │  › /theme        Change the active TUI theme              │                         
                        │                                                           │                         
                        │                                                           │                         
                        │                                                           │                         
                        │                                                           │                         
                        │                                                           │                         
                        │                                                           │                         
                        │                                                           │                         
                        └───────────────────────────────────────────────────────────┘                         
                                                                                                              
                                                                                                              
                                                                                                              
                                                                                                              
                                                                                                              
──────────────────────────────────────────────────────────────────────────────────────────────────────────────
>                                                                                                             
──────────────────────────────────────────────────────────────────────────────────────────────────────────────
◌ connecting · model — · branch — · session — · 0 tok                                connecting…   draft local
