---
source: sylvander-tui/tests/snapshots.rs
assertion_line: 913
expression: "render_buf(state, 110, 30)"
---
                                                                                                              
                                                                                                              
                                                                                                              
                                                                                                              
                                                                                                              
                                                                                                              
                                                                                                              
                                                                                                              
                                                                                                              
                                                                                                              
                                                                                                              
                                                                                                              
                                                                                                              
                                                                                                              
                                                                                                              
                                                                                                              
                                                                                                              
                                                                                                              
                                                                                                              
                                                                                                              
                                                                                                              
                                                                                                              
──────────────────────────────────────────────────────────────────────────────────────────────────────────────
❯                                                                                                             
──────────────────────────────────────────────────────────────────────────────────────────────────────────────
› /theme         Change the active TUI theme                                                                  
──────────────────────────────────────────────────────────────────────────────────────────────────────────────
/theme midnight                                                                                               
──────────────────────────────────────────────────────────────────────────────────────────────────────────────
◌ connecting · model — · branch —                                                    connecting…   draft local
