---
source: sylvander-tui/tests/snapshots.rs
expression: "render_buf(&state, 80, 24)"
---
◖S◗  Sylvander  new session                                             — · main
/Users/christmix/OraculoSpace/Sylvander/sylvander-tui · session —               
────────────────────────────────────────────────────────────────────────────────
You: hello                                                                      
Thinking about it.                                                              
                                                                                
                                                                                
                                                                                
                                                                                
                                                                                
                                                                                
                                                                                
────────────────────────────────────────────────────────────────────────────────
│Ask Sylvander…                                                                │
│                                                                              │
│                                                                              │
│                                                                              │
│                                                                              │
│                                                                              │
│                                                                              │
│                                                                              │
│Type while I work — steer, queue, or interrupt.                               │
└──────────────────────────────────────────────────────────────────────────────┘
────────────────────────────────────────────────────────────────────────────────
