---
source: sylvander-tui/tests/snapshots.rs
expression: "render_buf(state, 100, 28)"
---
                                                                                                    
                                                                                                    
                                                                                                    
                                                                                                    
                                                                                                    
                                                                                                    
                                                                                                    
                                                                                                    
                                                                                                    
                                                                                                    
                                                                                                    
                                                                                                    
                                                                                                    
                                                                                                    
                                                                                                    
                                                                                                    
                                                                                                    
                                                                                                    
                                                                                                    
────────────────────────────────────────────────────────────────────────────────────────────────────
  Model · applies next turn  current  claude-sonnet  reasoning low  · in $3 / out $15 · 1M          
                                                                                                    
  › ● claude-sonnet           anthropic-compatible  low                                             
    ○ fast-code               deprecated → claude-sonnet                                            
────────────────────────────────────────────────────────────────────────────────────────────────────
/model claude-sonnet low                                                                            
────────────────────────────────────────────────────────────────────────────────────────────────────
◌ connecting · model claude-sonnet / low · branch —                        connecting…   draft local
