---
source: sylvander-tui/tests/snapshots.rs
assertion_line: 356
expression: "render_buf(state, 90, 24)"
---
❯ change it                                                                               
                                                                                          
                                                                                          
                                                                                          
                                                                                          
                                                                                          
                                                                                          
                                                                                          
                                                                                          
                                                                                          
                                                                                          
──────────────────────────────────────────────────────────────────────────────────────────
❯                                                                                         
──────────────────────────────────────────────────────────────────────────────────────────
  ◆ One choice needed                                                                     
  Which style do you prefer?                                                              
                                                                                          
  › 1. Minimalist                                                                         
    2. Colorful                                                                           
    3. Monochrome                                                                         
    4. Other…                                                                             
  Type to answer with Other…                                                              
──────────────────────────────────────────────────────────────────────────────────────────
◌ connecting · model — · branch — · session —
