---
source: sylvander-tui/tests/snapshots.rs
expression: "render_buf(&state, 100, 28)"
---
                                                                                                    
                                                                                                    
                                                                                                    
                                                                                                    
                                                                                                    
                                                                                                    
                                                                                                    
                                                                                                    
            ┌ Rollback · latest Agent file turn ───────────────────────────────────────┐            
            │Restore these files to their pre-turn contents?                           │            
            │Only Agent-journaled Write/Edit changes are included.                     │            
            │External changes cause a conflict; conversation history is unchanged.     │            
            │                                                                          │            
            │  ↶ src/lib.rs                                                            │            
            │  ↶ docs/design.md                                                        │            
            │                                                                          │            
            │enter / y confirm    esc / n cancel                                       │            
            │                                                                          │            
            └──────────────────────────────────────────────────────────────────────────┘            
                                                                                                    
                                                                                                    
                                                                                                    
                                                                                                    
                                                                                                    
────────────────────────────────────────────────────────────────────────────────────────────────────
>                                                                                                   
────────────────────────────────────────────────────────────────────────────────────────────────────
! disconnected · model — · branch — · session — · 0 tok                    ! reconnecting…   /draft
