---
source: sylvander-tui/tests/snapshots.rs
expression: "render_buf(&state, 90, 22)"
---
                                                                                          
                                                                                          
                                                                                          
                                                                                          
                                                                                          
                                                                                          
                                                                                          
                ┌ Commands ──────────────────────────────────────────────┐                
                │/xyz_                                                   │                
                │────────────────────────────────────────────────────────│                
                │  (no commands match)                                   │                
                │                                                        │                
                │                                                        │                
                │                                                        │                
                └────────────────────────────────────────────────────────┘                
                                                                                          
                                                                                          
                                                                                          
──────────────────────────────────────────────────────────────────────────────────────────
>                                                                                         
──────────────────────────────────────────────────────────────────────────────────────────
◌ connecting · model — · branch — · session —
