---
source: sylvander-tui/tests/snapshots.rs
assertion_line: 406
expression: "render_buf(state, 90, 22)"
---
                     ⢀⣠⢠⡖                                                                 
                  ⢀⣠⣶⣿⡇⣿⣷⣤⣀                     Sylvander                                 
                ⢀⣠⣤⠄⣿⣿⡇⣿⣿⡇⣤⣤⡀                   agent workspace                           
             ⢀⣴⣶⣿⠿⣋⣾⡿⠛⠁⠙⢿⣷⣜⢿⣿⣾⣦⠄                                                          
      ⣠⣤    ⣠⣿⣿⠟⣡⡾⠛⠉     ⠉⠻⢿⣬⡻⣿⡌⣧⡀              model     —                               
  ⢠⣴⣄⠸⠛⠉   ⢰⣿⣿⡃⣿⡟  ⣀⡀   ⢀⡀  ⢹⣷⠄⣾⣿⣿              workspace ~/workspace                     
   ⠈⠁⠠⡀⣀   ⢰⣦⡙⠇⣿⠁ ⢸⣿⣿   ⣿⣿⡆  ⣿⡦⢏⣵⣶⡆             branch    —                               
   ⣠⣔⣚⠿⠏⣠⣄ ⢈⣙⢿⣦⡩⣷⣀ ⠉⠁   ⠈⠉ ⣀⣴⠌⣴⡿⢋⣤⠁⢀⠲⠿⢤⡀        session   new                             
 ⢀⣼⣿⣿⠟⠼⣷ ⠏⠘⢂⡡⢤⣌⠳⠮⣝⡻⢷⣤⣄ ⣠⣴⣾⠿⣛⣥⠞⣫⡤⢌⡑⠛⠉⣶⠸⣿⣿⣷                                                 
 ⠘⢿⡟⡄ ⠸⠃  ⢠⡛⠿⡆⠉ ⡐⠬⠙⠳⠌⣟ ⣿⡿⠽⠋⢥⡶⢂⠙⠱⠿⢟⡃ ⠙⡇⠈⢹⣿⡇      What should we work through?              
   ⠙       ⠻⠁   ⠉            ⠋  ⠈⡿⠃     ⠟                                                 
                                                                                          
──────────────────────────────────────────────────────────────────────────────────────────
❯                                                                                         
──────────────────────────────────────────────────────────────────────────────────────────
  Resume a session                                                             0 matches  
  Loading one session replaces the current conversation.                                  
    No persisted sessions match                                                           
──────────────────────────────────────────────────────────────────────────────────────────
/resume                                                                                   
──────────────────────────────────────────────────────────────────────────────────────────
◌ connecting · model — · branch — · session —
