---
source: sylvander-tui/tests/snapshots.rs
assertion_line: 67
expression: "render_buf(state, 80, 24)"
---
  ● hi there                                                                    
                                                                                
                                                                                
                                                                                
                                                                                
                                                                                
                                                                                
                                                                                
                                                                                
                                                                                
                                                                                
                                                                                
                                                                                
                                                                                
                                                                                
                                                                                
                                                                                
                                                                                
                                                                                
                                                                                
────────────────────────────────────────────────────────────────────────────────
>                                                                               
────────────────────────────────────────────────────────────────────────────────
◌ connecting · model — · branch — · session —
