---
source: sylvander-tui/tests/snapshots.rs
expression: "render_buf(state, 110, 30)"
---
                                                                                                              
                                                                                                              
                                                                                                              
                                                                                                              
                                                                                                              
                                                                                                              
                                                                                                              
                                                                                                              
                                                                                                              
                                                                                                              
                                                                                                              
                                                                                                              
                                                                                                              
                                                                                                              
                                                                                                              
                                                                                                              
                                                                                                              
                                                                                                              
                                                                                                              
                                                                                                              
                                                                                                              
                                                                                                              
                                                                                                              
──────────────────────────────────────────────────────────────────────────────────────────────────────────────
  Commands                                                                                          1 result  
    › /theme         Change the active TUI theme                                                              
──────────────────────────────────────────────────────────────────────────────────────────────────────────────
/theme midnight                                                                                               
──────────────────────────────────────────────────────────────────────────────────────────────────────────────
◌ connecting · model — · branch —                                                    connecting…   draft local
