---
source: sylvander-tui/tests/snapshots.rs
expression: "render_buf(&state, 90, 22)"
---
◖S◗  Sylvander  new session                                                       — · main
/Users/christmix/OraculoSpace/Sylvander/sylvander-tui · session —                         
──────────────────────────────────────────────────────────────────────────────────────────
              ┌ Sessions ───────────────────────────────────────────────────┐             
◖S◗  SYLVANDER│Search sessions… _                                           │             
      intellig│─────────────────────────────────────────────────────────────│             
              │  (no sessions match)                                        │             
      /Users/c│                                                             │             
      What are│                                                             │             
              │                                                             │             
──────────────│                                                             │─────────────
│Ask Sylvander│                                                             │            │
│             │                                                             │            │
│             │                                                             │            │
│             │                                                             │            │
│             │                                                             │            │
│             │                                                             │            │
│             │type to filter   ↓/↑ select   enter open   ctrl+n new   r ren│            │
│             └─────────────────────────────────────────────────────────────┘            │
│Type while I work — steer, queue, or interrupt.                                         │
└────────────────────────────────────────────────────────────────────────────────────────┘
──────────────────────────────────────────────────────────────────────────────────────────
