---
source: sylvander-tui/tests/snapshots.rs
expression: "render_buf(&s, 140, 40)"
---
  › Add JWT auth middleware                                                                                                                 
  ◌ Run `ls`     00s                                                                                                                        
  │ ✓ $ ls src/http  router.rs                                                                                                              
  │ ◌ Read src/http/middleware.rs                                                                                                           
                                                                                                                                            
  ◆  Inspecting the existing router to understand the auth surface. I see we have a TokenGuard already — let me                             
     check it covers Bearer + API-key.                                                                                                      
                                                                                                                                            
                                                                                                                                            
                                                                                                                                            
                                                                                                                                            
                                                                                                                                            
                                                                                                                                            
                                                                                                                                            
                                                                                                                                            
                                                                                                                                            
                                                                                                                                            
                                                                                                                                            
                                                                                                                                            
                                                                                                                                            
                                                                                                                                            
                                                                                                                                            
                                                                                                                                            
                                                                                                                                            
                                                                                                                                            
                                                                                                                                            
                                                                                                                                            
                                                                                                                                            
                                                                                                                                            
                                                                                                                                            
                                                                                                                                            
                                                                                                                                            
                                                                                                                                            
                                                                                                                                            
                                                                                                                                            
                                                                                                                                            
────────────────────────────────────────────────────────────────────────────────────────────────────────────────────────────────────────────
>                                                                                                                                           
────────────────────────────────────────────────────────────────────────────────────────────────────────────────────────────────────────────
◌ working · model — · branch — · session — · 0 tok · 2 tools                                                          esc interrupt   /draft
