---
source: sylvander-tui/tests/snapshots.rs
expression: "render_buf(&state, 90, 24)"
---
                                                                                          
                                                                                          
                                                                                          
                                                                                          
             ┌ @ Add workspace file ────────────────────────────────────────┐             
             │@ _                                                           │             
             │                                                              │             
             │No matching workspace files                                   │             
             │                                                              │             
             │                                                              │             
             │                                                              │             
             │                                                              │             
             │                                                              │             
             │                                                              │             
             │                                                              │             
             │                                                              │             
             │                                                              │             
             │enter attach · ↑↓ select · esc close                          │             
             └──────────────────────────────────────────────────────────────┘             
                                                                                          
──────────────────────────────────────────────────────────────────────────────────────────
>                                                                                         
──────────────────────────────────────────────────────────────────────────────────────────
◌ connecting · model — · branch — · session —                                            
