---
source: sylvander-tui/tests/snapshots.rs
expression: "render_buf(&state, 90, 22)"
---
                                                                                          
                                                                                          
                                                                                          
              ┌ Sessions ───────────────────────────────────────────────────┐             
              │Search sessions… _                                           │             
              │─────────────────────────────────────────────────────────────│             
              │  ›   auth-refactor           working   ~/Projects/acme-api  │             
              │        2m ago                                               │             
              │      auth-debug              waiting   ~/Projects/acme-api  │             
              │        1h ago                                               │             
              │      login-tests             complete  ~/Projects/web       │             
              │        1d ago                                               │             
              │                                                             │             
              │                                                             │             
              │                                                             │             
              │                                                             │             
              │                                                             │             
              │type to filter   ↓/↑ select   enter open   ctrl+n new   r ren│             
──────────────└─────────────────────────────────────────────────────────────┘─────────────
>                                                                                         
──────────────────────────────────────────────────────────────────────────────────────────
◌ connecting · model — · branch — · session —
