---
source: sylvander-tui/tests/snapshots.rs
expression: "render_buf(&state, 80, 24)"
---
◖S◗  Sylvander  new session                                         — · approval
/Users/christmix/OraculoSpace/Sylvander/sylvander-tui · session —               
────────────────────────────────────────────────────────────────────────────────
You: rm -rf /                                                                   
◌ Run `rm`     00s                                                              
│ ◌ $ rm -rf /  ┌ Tool Approval ───────────────────────────────┐                
                │Agent wants to run:                           │                
                │  >> 1. bash  {"command":"rm -rf /"}          │                
                │                                              │                
                │Tool 1/1  y=approve  n=reject  Y=all  N=reject│                
                │                                              │                
                │                                              │                
────────────────│                                              │────────────────
│Ask Sylvander… │                                              │               │
│               │                                              │               │
│               │                                              │               │
│               │                                              │               │
│               │                                              │               │
│               └──────────────────────────────────────────────┘               │
│                                                                              │
│                                                                              │
│Approving tools clears this draft.                                            │
└──────────────────────────────────────────────────────────────────────────────┘
────────────────────────────────────────────────────────────────────────────────
