---
source: sylvander-tui/tests/snapshots.rs
assertion_line: 568
expression: "render_buf(state, 100, 28)"
---
                                                                                                    
                                                                                                    
                                                                                                    
                                                                                                    
                                                                                                    
                                                                                                    
                                                                                                    
                                                                                                    
                                                                                                    
                                                                                                    
                                                                                                    
                                                                                                    
                                                                                                    
                                                                                                    
                                                                                                    
────────────────────────────────────────────────────────────────────────────────────────────────────
❯                                                                                                   
────────────────────────────────────────────────────────────────────────────────────────────────────
  ◆ Restore Agent file changes?                                                                     
  Conversation history stays unchanged. External file changes can conflict.                         
                                                                                                    
    ↶ src/lib.rs                                                                                    
    ↶ docs/design.md                                                                                
                                                                                                    
  › 1. Keep current files                                                                           
    2. Restore the files listed above                                                               
────────────────────────────────────────────────────────────────────────────────────────────────────
! disconnected · model — · branch —                               ! reconnecting…   /draft preserved
