---
source: sylvander-tui/tests/snapshots.rs
expression: "render_buf(&state, 90, 28)"
---
  › run setup                                                                             
  ◌ Run `ls`     00s                                                                      
  │ ◌ $ ls                                                                                
                                                                                          
                                                                                          
                                                                                          
                                                                                          
                                                                                          
                                                                                          
                                                                                          
                  ┌ Rejection Feedback ────────────────────────────────┐                  
                  │Tell Sylvander what to do instead (or press Enter to│                  
                  │                                                    │                  
                  │> use docker                                        │                  
                  │                                                    │                  
                  │enter=send feedback   esc=back to approval          │                  
                  └────────────────────────────────────────────────────┘                  
                                                                                          
                                                                                          
                                                                                          
                                                                                          
                                                                                          
                                                                                          
                                                                                          
──────────────────────────────────────────────────────────────────────────────────────────
>                                                                                         
──────────────────────────────────────────────────────────────────────────────────────────
◌ connecting · model — · branch — · session — · 1t                  connecting…   draft lo
