---
source: sylvander-tui/tests/snapshots.rs
assertion_line: 633
expression: "render_buf(s, 70, 22)"
---
 ⠘⢿⡟⡄ ⠸⠃  ⢠⡛⠿⡆⠉ ⡐⠬⠙⠳⠌⣟ ⣿⡿⠽⠋⢥⡶⢂⠙⠱⠿⢟⡃ ⠙⡇⠈⢹⣿⡇                            
   ⠙       ⠻⠁   ⠉            ⠋  ⠈⡿⠃     ⠟                             
                                                                      
                                                                      
Sylvander                                                             
agent workspace                                                       
                                                                      
model     —                                                           
workspace ~/workspace                                                 
branch    —                                                           
session   new                                                         
                                                                      
What should we work through?                                          
                                                                      
                                                                      
❯ Add JWT auth.                                                       
                                                                      
⏺ Inspecting router.                                                  
──────────────────────────────────────────────────────────────────────
❯                                                                     
──────────────────────────────────────────────────────────────────────
· idle · model — · branch — · session —
