---
source: sylvander-tui/tests/snapshots.rs
expression: "render_buf(state, 100, 28)"
---
        ⢀⣠⣶⣾⣀           Sylvander                                                                   
      ⣠⣴⣶⣾⠿⢿⣷⣶⣤⡀        agent workspace                                                             
⢀⣄⡴⠆ ⣴⣿⣿⠋⣁ ⢀⡙⢻⣟⣿⡆                                                                                   
 ⣩⣶⣆⡀⣿⣿⣯⡘⠿ ⠸⠟⣠⣿⣿⡻⣠⣄⡀    model     —                                                                 
⢾⣟⢻⠇⢋⣿⡾⢻⡿⣷⡆⣾⡿⣿⡿⣾⣯⠹⡿⣿⡄   workspace /workspace/sylvander                                              
 ⠁   ⠋ ⠈      ⠁⠈⠋  ⠘    branch    — · session new                                                   
                        What should we work through?                                                
                                                                                                    
                                                                                                    
                                                                                                    
                                                                                                    
                                                                                                    
                                                                                                    
                                                                                                    
                                                                                                    
────────────────────────────────────────────────────────────────────────────────────────────────────
❯                                                                                                   
────────────────────────────────────────────────────────────────────────────────────────────────────
  Permissions · workspace scoped · applies next turn                                                
  root  /workspace/sylvander                                                                        
  › filesystem  workspace write                                                                     
    network     denied                                                                              
    approval    ask                                                                                 
                                                                                                    
────────────────────────────────────────────────────────────────────────────────────────────────────
/permissions  ←→ change selected value                                                              
────────────────────────────────────────────────────────────────────────────────────────────────────
◌ connecting · model — · branch —                                          connecting…   draft local
