---
source: sylvander-tui/tests/snapshots.rs
expression: "render_buf(&state, 80, 24)"
---
  › rm -rf /                                                                    
  ◌ Run `rm`     00s                                                            
  │ ◌ $ rm -rf /                                                                
                                                                                
                                                                                
                                                                                
                                                                                
           ┌ Tool Approval ─────────────────────────────────────────┐           
           │Review the requested capabilities:                      │           
           │  >> 1. CRITICAL $ rm -rf /                             │           
           │       scope  current workspace                         │           
           │                                                        │           
           │1/1  ↵/y approve · n reject · a all · N none · esc deny │           
           │                                                        │           
           │                                                        │           
           └────────────────────────────────────────────────────────┘           
                                                                                
                                                                                
                                                                                
                                                                                
────────────────────────────────────────────────────────────────────────────────
>                                                                               
────────────────────────────────────────────────────────────────────────────────
◌ connecting · model — · branch — · session —
