---
source: sylvander-tui/tests/snapshots.rs
expression: "render_buf(&s, 120, 36)"
---
◖S◗  Sylvander  new session                                                                                     — · main
/Users/christmix/OraculoSpace/Sylvander/sylvander-tui · session —                                                       
────────────────────────────────────────────────────────────────────────────────────────────────────────────────────────
                                                                                                                        
                                                                                                                        
                                                                                                                        
                                                                                                                        
                                                                                                                        
                                                                                                                        
                                                                                                                        
                                                                                                                        
◖S◗  SYLVANDER          ┌ Tool Approval ───────────────────────────────────────────────────────┐                        
      intelligent termin│Agent wants to run:                                                   │                        
                        │  >> 1. bash  {"command":"rm -rf /"}                                  │                        
      ~/.../sylvander-tu│                                                                      │                        
      What are we buildi│Tool 1/1  y=approve  n=reject  Y=all  N=reject all  ← back  esc=cancel│                        
                        │                                                                      │                        
                        │                                                                      │                        
                        │                                                                      │                        
                        │                                                                      │                        
                        │                                                                      │                        
                        │                                                                      │                        
                        │                                                                      │                        
                        │                                                                      │                        
────────────────────────└──────────────────────────────────────────────────────────────────────┘────────────────────────
│Ask Sylvander…                                                                                                        │
│                                                                                                                      │
│                                                                                                                      │
│                                                                                                                      │
│                                                                                                                      │
│                                                                                                                      │
│                                                                                                                      │
│                                                                                                                      │
│Type while I work — steer, queue, or interrupt.                                                                       │
└──────────────────────────────────────────────────────────────────────────────────────────────────────────────────────┘
────────────────────────────────────────────────────────────────────────────────────────────────────────────────────────
