---
source: sylvander-tui/tests/snapshots.rs
expression: "render_buf(&s, 120, 36)"
---
                                                                                                                        
                                                                                                                        
                                                                                                                        
                                                                                                                        
                                                                                                                        
                                                                                                                        
                                                                                                                        
                                                                                                                        
                                                                                                                        
                                                                                                                        
                                                                                                                        
                                                                                                                        
                                                                                                                        
                 ┌ Tool Approval ─────────────────────────────────────────────────────────────────────┐                 
                 │Review the requested capabilities:                                                  │                 
                 │  >> 1. CRITICAL $ rm -rf /                                                         │                 
                 │       scope  current workspace                                                     │                 
                 │                                                                                    │                 
                 │1/1  ↵/y approve · n reject · a all · N none · esc deny                             │                 
                 │                                                                                    │                 
                 │                                                                                    │                 
                 └────────────────────────────────────────────────────────────────────────────────────┘                 
                                                                                                                        
                                                                                                                        
                                                                                                                        
                                                                                                                        
                                                                                                                        
                                                                                                                        
                                                                                                                        
                                                                                                                        
                                                                                                                        
                                                                                                                        
────────────────────────────────────────────────────────────────────────────────────────────────────────────────────────
>                                                                                                                       
────────────────────────────────────────────────────────────────────────────────────────────────────────────────────────
● approval · model — · branch — · session — · 0 tok                                                 y approve   n reject
