---
source: sylvander-tui/tests/snapshots.rs
expression: "render_buf(state, 90, 22)"
---
                                                                                          
                                                                                          
                                                                                          
                                                                                          
                                                                                          
                                                                                          
                                                                                          
                                                                                          
                                                                                          
                                                                                          
                                                                                          
                                                                                          
                                                                                          
                                                                                          
                                                                                          
──────────────────────────────────────────────────────────────────────────────────────────
  Commands                                                                     0 results  
    No commands match                                                                     
──────────────────────────────────────────────────────────────────────────────────────────
/xyz                                                                                      
──────────────────────────────────────────────────────────────────────────────────────────
◌ connecting · model — · branch — · session —
