---
source: sylvander-tui/tests/snapshots.rs
expression: "render_buf(&state, 90, 24)"
---
◖S◗  Sylvander  new session                                                        — · ask
/Users/christmix/OraculoSpace/Sylvander/sylvander-tui · session —                         
──────────────────────────────────────────────────────────────────────────────────────────
You: change it                                                                            
                                                                                          
                                                                                          
                  ┌ Agent asks (single-select) ────────────────────────┐                  
                  │Which style do you prefer?                          │                  
                  │                                                    │                  
                  │ ›  Minimalist                                      │                  
                  │    Colorful                                        │                  
                  │    Monochrome                                      │                  
──────────────────│                                                    │──────────────────
│Ask Sylvander…   │Or type a free-text reply:                          │                 │
│                 │>                                                   │                 │
│                 │                                                    │                 │
│                 └────────────────────────────────────────────────────┘                 │
│                                                                                        │
│                                                                                        │
│                                                                                        │
│                                                                                        │
│Answering this question clears this draft.                                              │
└────────────────────────────────────────────────────────────────────────────────────────┘
──────────────────────────────────────────────────────────────────────────────────────────
