---
source: sylvander-tui/tests/snapshots.rs
expression: "render_buf(state, 90, 26)"
---
        ⢀⣠⣶⣾⣀           Sylvander                                                         
      ⣠⣴⣶⣾⠿⢿⣷⣶⣤⡀        agent workspace                                                   
⢀⣄⡴⠆ ⣴⣿⣿⠋⣁ ⢀⡙⢻⣟⣿⡆                                                                         
 ⣩⣶⣆⡀⣿⣿⣯⡘⠿ ⠸⠟⣠⣿⣿⡻⣠⣄⡀    model     —                                                       
⢾⣟⢻⠇⢋⣿⡾⢻⡿⣷⡆⣾⡿⣿⡿⣾⣯⠹⡿⣿⡄   workspace ~/workspace                                             
 ⠁   ⠋ ⠈      ⠁⠈⠋  ⠘    branch    — · session new                                         
                        What should we work through?                                      
                                                                                          
                                                                                          
                                                                                          
                                                                                          
                                                                                          
──────────────────────────────────────────────────────────────────────────────────────────
❯                                                                                         
──────────────────────────────────────────────────────────────────────────────────────────
  ◆ Choose any that apply                                                                 
  Tags for this issue?                                                                    
                                                                                          
    [✓] 1. urgent                                                                         
    [ ] 2. bug                                                                            
    [ ] 3. feature                                                                        
    [ ] 4. needs-review                                                                   
  › 5. Other… edge case                                                                   
  Type your answer · ↵ submit · esc return                                                
──────────────────────────────────────────────────────────────────────────────────────────
◌ connecting · model — · branch — · session —
