---
source: sylvander-tui/tests/snapshots.rs
expression: "render_buf(&s, 88, 24)"
---
Sylvander · deepseek-v4-flash · Connected · Connected                                   
You: Add JWT auth.                                                                      
Inspecting router.                                                                      
                                                                                        
                                                                                        
                                                                                        
                                                                                        
                                                                                        
                                                                                        
                                                                                        
                                                                                        
────────────────────────────────────────────────────────────────────────────────────────
>                                                                                       
                                                                                        
                                                                                        
                                                                                        
                                                                                        
                                                                                        
                                                                                        
                                                                                        
                                                                                        
                                                                                        
                                                                                        
Enter:send  Esc:quit
