---
source: sylvander-tui/tests/snapshots.rs
expression: "render_buf(&s, 120, 36)"
---
  › any draft here                                                                                                      
    Disconnected: server closed                                                                                         
                                                                                                                        
                                                                                                                        
                                                                                                                        
                                                                                                                        
                                                                                                                        
                                                                                                                        
                                                                                                                        
                                                                                                                        
                                                                                                                        
                                                                                                                        
                                                                                                                        
                                                                                                                        
                                                                                                                        
                                                                                                                        
                                                                                                                        
                                                                                                                        
                                                                                                                        
                                                                                                                        
                                                                                                                        
                                                                                                                        
                                                                                                                        
                                                                                                                        
                                                                                                                        
                                                                                                                        
                                                                                                                        
                                                                                                                        
                                                                                                                        
                                                                                                                        
                                                                                                                        
                                                                                                                        
────────────────────────────────────────────────────────────────────────────────────────────────────────────────────────
>                                                                                                                       
────────────────────────────────────────────────────────────────────────────────────────────────────────────────────────
! disconnected · model — · branch — · session — · 0t                                      ! reconnecting…   /draft prese
