---
source: sylvander-tui/tests/snapshots.rs
expression: "render_buf(&state, 80, 24)"
---
  › list src                                                                    
  ◌ Run `ls`     00s                                                            
  │ ◌ $ ls src                                                                  
                                                                                
                                                                                
                                                                                
                                                                                
                                                                                
                                                                                
                                                                                
                                                                                
                                                                                
                                                                                
                                                                                
                                                                                
                                                                                
                                                                                
                                                                                
                                                                                
                                                                                
────────────────────────────────────────────────────────────────────────────────
>                                                                               
────────────────────────────────────────────────────────────────────────────────
◌ connecting · model — · branch — · session —
