---
source: sylvander-tui/tests/snapshots.rs
expression: "render_buf(state, 90, 24)"
---
                                                                                          
                                                                                          
                                                                                          
                                                                                          
                                                                                          
                                                                                          
                                                                                          
                                                                                          
                                                                                          
                                                                                          
                                                                                          
                                                                                          
                                                                                          
                                                                                          
                                                                                          
                                                                                          
                                                                                          
──────────────────────────────────────────────────────────────────────────────────────────
  Add a workspace file                                                                    
  No matching workspace files                                                             
──────────────────────────────────────────────────────────────────────────────────────────
@                                                                                         
──────────────────────────────────────────────────────────────────────────────────────────
◌ connecting · model — · branch — · session —
