---
source: sylvander-tui/tests/snapshots.rs
assertion_line: 200
expression: "render_buf(state, 80, 24)"
---
branch    —                                                                     
session   new                                                                   
                                                                                
What should we work through?                                                    
                                                                                
                                                                                
❯ rm -rf /                                                                      
⏺ Run `rm`     00s                                                              
  ⎿  $ rm -rf /                                                                 
────────────────────────────────────────────────────────────────────────────────
❯                                                                               
────────────────────────────────────────────────────────────────────────────────
  ◆ Permission needed                                                   1 of 1  
  Run command                                                                   
  $ rm -rf /                                                                    
  Critical · may destroy data or repository state · current workspace           
                                                                                
  › 1. Deny  recommended for critical operations                                
    2. Allow once                                                               
    3. Allow this exact request for this session                                
    4. Always allow this exact request                                          
                                                                                
────────────────────────────────────────────────────────────────────────────────
◌ connecting · model — · branch — · session —
